Git Installation and Configuration:
===================================
https://git-scm.com/book/en/v2/Getting-Started-Installing-Git

[root@server01 ~]# yum install git

[root@server01 ~]# git --version
git version 1.8.3.1
[root@server01 ~]#

[mohan@server01 ~]$ git config --global user.name "Mohan Poddar"
[mohan@server01 ~]$ git config --global user.email mohan@localhost.localdomain

[mohan@server01 ~]$ git config --list

https://foxutech.com/install-and-configure-git-server/

[root@server01 ~]# mkdir /projects
[root@server01 ~]# cd /projects/
[root@server01 projects]# mkdir gitproject
[root@server01 projects]# cd gitproject
[root@server01 gitproject]#

[root@server01 gitproject]# git init
Initialized empty Git repository in /projects/gitproject/.git/
[root@server01 gitproject]#

[root@server01 gitproject]# cp ~/anaconda-ks.cfg .
[root@server01 gitproject]# cp ~/initial-setup-ks.cfg .
[root@server01 gitproject]# git add *.cfg

[root@server01 gitproject]# git status

[root@server01 gitproject]# git commit -m "Project creation"

[root@server01 gitproject]# git status

DNS Configure
https://linuxconfig.org/how-to-setup-a-named-dns-service-on-redhat-7-linux-server

Mail:
https://www.certdepot.net/rhel7-configure-central-mail-server/

https://git-scm.com/book/en/v2/Git-on-the-Server-The-Protocols

Final :
#############################
useradd git
su - git
ssh-keygen -t rsa -b 4096 -C "contactme.mohan@gmail.com"
eval $(ssh-agent -s)
ssh-add ~/.ssh/id_rsa
ssh-copy-id root@192.168.100.10

cat /home/git/.ssh/id_rsa.pub
Copy and add the key to GitHub
git clone git@github.com:mohanpoddar/git-github.git
#####################################


Ansible
http://nokitel.im/index.php/2016/11/09/how-to-install-ansible-on-red-hat-enterprise-linux-7-rhel-7/



#######################
[git@server1 github]$ git clone https://github.com/mohanpoddar/MyLearning.git

[git@server1 MyLearning]$ git branch -a
* master
  remotes/origin/HEAD -> origin/master
  remotes/origin/git-learning
  remotes/origin/master
  remotes/origin/readme-edits
[git@server1 MyLearning]$

[git@server1 MyLearning]$
[git@server1 MyLearning]$ git checkout readme-edits
Branch readme-edits set up to track remote branch readme-edits from origin.
Switched to a new branch 'readme-edits'
[git@server1 MyLearning]$
[git@server1 MyLearning]$ git branch -a
  master
* readme-edits
  remotes/origin/HEAD -> origin/master
  remotes/origin/git-learning
  remotes/origin/master
  remotes/origin/readme-edits
[git@server1 MyLearning]$
[git@server1 MyLearning]$

Edit the files.

[git@server1 MyLearning]$ git status
# On branch readme-edits
# Changes not staged for commit:
#   (use "git add <file>..." to update what will be committed)
#   (use "git checkout -- <file>..." to discard changes in working directory)
#
#       modified:   README.md
#
no changes added to commit (use "git add" and/or "git commit -a")
[git@server1 MyLearning]$
[git@server1 MyLearning]$


[git@server1 MyLearning]$
[git@server1 MyLearning]$ git add README.md
[git@server1 MyLearning]$
[git@server1 MyLearning]$ git status
# On branch readme-edits
# Changes to be committed:
#   (use "git reset HEAD <file>..." to unstage)
#
#       modified:   README.md
#
[git@server1 MyLearning]$
[git@server1 MyLearning]$


[git@server1 MyLearning]$
[git@server1 MyLearning]$
[git@server1 MyLearning]$ git commit -m "Modify README.md"

*** Please tell me who you are.

Run

  git config --global user.email "you@example.com"
  git config --global user.name "Your Name"

to set your account's default identity.
Omit --global to set the identity only in this repository.

fatal: empty ident name (for <git@server1.example.com>) not allowed
[git@server1 MyLearning]$
[git@server1 MyLearning]$
[git@server1 MyLearning]$
[git@server1 MyLearning]$
[git@server1 MyLearning]$ git config --global user.email "git@server1.example.com"
[git@server1 MyLearning]$ git config --global user.name "git"
[git@server1 MyLearning]$
[git@server1 MyLearning]$


[git@server1 MyLearning]$
[git@server1 MyLearning]$
[git@server1 MyLearning]$ git commit -m "Modify README.md"
[readme-edits 6468c8c] Modify README.md
 1 file changed, 1 insertion(+)
[git@server1 MyLearning]$
[git@server1 MyLearning]$ git status
# On branch readme-edits
# Your branch is ahead of 'origin/readme-edits' by 1 commit.
#   (use "git push" to publish your local commits)
#
nothing to commit, working directory clean
[git@server1 MyLearning]$
[git@server1 MyLearning]$


[git@server1 MyLearning]$
[git@server1 MyLearning]$
[git@server1 MyLearning]$ git push origin readme-edits
Username for 'https://github.com': mohanpoddar
Password for 'https://mohanpoddar@github.com':
Counting objects: 5, done.
Compressing objects: 100% (2/2), done.
Writing objects: 100% (3/3), 323 bytes | 0 bytes/s, done.
Total 3 (delta 1), reused 0 (delta 0)
remote: Resolving deltas: 100% (1/1), completed with 1 local object.
To https://github.com/mohanpoddar/MyLearning.git
   e03ee29..6468c8c  readme-edits -> readme-edits
[git@server1 MyLearning]$
[git@server1 MyLearning]$
[git@server1 MyLearning]$


[git@server1 MyLearning]$
[git@server1 MyLearning]$ git status
# On branch readme-edits
nothing to commit, working directory clean
[git@server1 MyLearning]$
[git@server1 MyLearning]$

#############################